npx : FAIL 
tests/auth.test.ts
At line:1 char:1
+ npx jest 
tests/auth.test.ts > 
test_output.txt 2>&1
+ ~~~~~~~~~~~~~~~~~~~
~~~~~~~~~~~~~~~~~~~~~
~~~~~~~~~~
    + CategoryInfo   
           : 
NotSpecifi    ed: 
(FAIL tests/au    
th.test.ts:String)   
  [], RemoteExcepti  
  on
    + 
FullyQualifiedEr    
rorId : NativeComm   
 andError
 
  ΓùÅ Test suite 
failed to run

    Jest encountered 
an unexpected token

    Jest failed to 
parse a file. This 
happens e.g. when 
your code or its 
dependencies use 
non-standard 
JavaScript syntax, 
or when Jest is not 
configured to 
support such syntax.

    Out of the box 
Jest supports Babel, 
which will be used 
to transform your 
files into valid JS 
based on your Babel 
configuration.

    By default 
"node_modules" 
folder is ignored by 
transformers.

    Here's what you 
can do:
     ΓÇó If you are 
trying to use 
ECMAScript Modules, 
see https://jestjs.io
/docs/ecmascript-modu
les for how to 
enable it.
     ΓÇó If you are 
trying to use 
TypeScript, see https
://jestjs.io/docs/get
ting-started#using-ty
pescript
     ΓÇó To have 
some of your 
"node_modules" files 
transformed, you can 
specify a custom "tra
nsformIgnorePatterns"
 in your config.
     ΓÇó If you need 
a custom 
transformation 
specify a 
"transform" option 
in your config.
     ΓÇó If you 
simply want to mock 
your non-JS modules 
(e.g. binary assets) 
you can stub them 
out with the 
"moduleNameMapper" 
config option.

    You'll find more 
details and examples 
of these config 
options in the docs:
    https://jestjs.io
/docs/configuration
    For information 
about custom 
transformations, see:
    https://jestjs.io
/docs/code-transforma
tion

    Details:

    C:\Users\bmkir\GF
GBQ-Team-team-nork\no
de_modules\mongodb\li
b\bulk\common.js:780
            finalOpti
ons.timeoutContext 
??= timeout_1.Timeout
Context.create({
                     
                   
^^^

    SyntaxError: 
Unexpected token 
'??='

    [0m [90m 1 
|[39m 
[36mimport[39m { [
33mMongoMemoryServer
[39m } 
[36mfrom[39m [32m'
mongodb-memory-server
'[39m[33m;[39m
    [31m[1m>[22m[
39m[90m 2 |[39m 
[36mimport[39m 
mongoose 
[36mfrom[39m [32m'
mongoose'[39m[33m;
[39m
     [90m   |[39m 
[31m[1m^[22m[39m
     [90m 3 |[39m 
[36mimport[39m { 
redisClient } 
[36mfrom[39m [32m'
../src/config/db'[39
m[33m;[39m
     [90m 4 |[39m
     [90m 5 |[39m 
[36mlet[39m mongoSe
rver[33m:[39m [33m
MongoMemoryServer[39
m[33m;[39m[0m

      at Runtime.crea
teScriptFromCode (nod
e_modules/jest-runtim
e/build/index.js:1505
:14)
      at 
Object.<anonymous> (n
ode_modules/mongoose/
lib/drivers/node-mong
odb-native/bulkWriteR
esult.js:3:25)
      at 
Object.<anonymous> (n
ode_modules/mongoose/
lib/drivers/node-mong
odb-native/index.js:7
:27)
      at 
Object.<anonymous> (n
ode_modules/mongoose/
lib/index.js:7:23)
      at 
Object.<anonymous> (n
ode_modules/mongoose/
index.js:8:18)
      at 
Object.<anonymous> 
(tests/setup.ts:2:1)

Test Suites: 1 
failed, 1 total
Tests:       0 total
Snapshots:   0 total
Time:        4.946 s
Ran all test suites 
matching /tests\\auth
.test.ts/i.
Force exiting Jest: 
Have you considered 
using `--detectOpenHa
ndles` to detect 
async operations 
that kept running 
after all tests 
finished?
